// Jest Snapshot v1, https://goo.gl/fbAQLP

exports[`BlogList test expect BlogList component is rendered && match with the Snapshot 1`] = `
<div
  className="flex flex-col justify-items-center"
/>
`;
