// Jest Snapshot v1, https://goo.gl/fbAQLP

exports[`Content test expect Content component is rendered && match with the Snapshot 1`] = `
<div
  className="h-full"
/>
`;
