// Jest Snapshot v1, https://goo.gl/fbAQLP

exports[`navigation test expect Navigation component is rendered && match with the Snapshot 1`] = `
<nav
  className="bg-white shadow block sticky top-0 overflow-x-auto overflow-y-auto z-10"
>
  <div
    className="container px-6 py-4 mx-auto lg:flex lg:justify-between lg:items-center"
  >
    <div
      className="lg:flex lg:items-center"
    >
      <div
        className="flex items-center justify-between"
      >
        <div>
          <div
            className="font-spartan text-2xl font-bold text-gray-800 italic lg:text-3xl hover:text-gray-700"
          >
            <Link
              href="/"
            >
              Theo's Blog
            </Link>
          </div>
        </div>
        <div
          className="flex lg:hidden"
        >
          <button
            aria-label="toggle menu"
            className="text-gray-500 hover:text-gray-600 focus:outline-none focus:text-gray-600"
            onClick={[Function]}
            type="button"
          >
            <svg
              className="w-6 h-6 fill-current"
              viewBox="0 0 24 24"
            >
              <path
                d="M4 5h16a1 1 0 0 1 0 2H4a1 1 0 1 1 0-2zm0 6h16a1 1 0 0 1 0 2H4a1 1 0 0 1 0-2zm0 6h16a1 1 0 0 1 0 2H4a1 1 0 0 1 0-2z"
                fillRule="evenodd"
              />
            </svg>
          </button>
        </div>
      </div>
      <div
        className="flex flex-col text-gray-600 capitalize lg:flex lg:px-16 lg:-mx-4 lg:flex-row lg:items-center"
      />
    </div>
  </div>
</nav>
`;
